spec/action_cable_spec.rb:1.2774885120452382
spec/adopted_stylesheets_spec.rb:1.202881311008241
spec/browser_globals_spec.rb:0.41760822699870914
spec/cache_storage_spec.rb:0.9801168069825508
spec/calc_spec.rb:2.293132819002494
spec/canvas_blob_binary_spec.rb:0.3353753470000811
spec/canvas_image_spec.rb:3.847083749016747
spec/capybara_shared_spec.rb:132.21139351202874
spec/cascade_conformance_spec.rb:2.4261691870051436
spec/cascade_invalidation_spec.rb:1.1730871530016884
spec/computed_serialization_spec.rb:2.250188103003893
spec/computed_style_spec.rb:1.634524435037747
spec/control_events_spec.rb:1.385378834034782
spec/css_font_feature_values_rule_spec.rb:0.02442160004284233
spec/css_import_rule_spec.rb:0.06946308503393084
spec/css_selector_namespace_serialization_spec.rb:0.8162224219995551
spec/cssom_interfaces_spec.rb:0.9669920190353878
spec/cssom_prototype_keys_spec.rb:0.12684194097528234
spec/dom_token_list_supports_spec.rb:0.7721957560279407
spec/dsl_spec.rb:0.5772965240175836
spec/fetch_request_spec.rb:0.1433192789554596
spec/fetch_response_spec.rb:0.6495335630024783
spec/file_upload_spec.rb:0.12667636998230591
spec/form_data_spec.rb:0.8013979300740175
spec/frame_realm_spec.rb:0.7839136719703674
spec/frame_viewport_spec.rb:1.1417461120290682
spec/geolocation_spec.rb:0.17364380200160667
spec/idl_coverage_spec.rb:1.140028555993922
spec/idl_reflection_spec.rb:0.8747637789929286
spec/importmap_spec.rb:0.3661571539705619
spec/input_type_change_spec.rb:1.1228266410180368
spec/intersection_observer_spec.rb:1.7242651510168798
spec/invalid_declaration_values_spec.rb:0.5782468129764311
spec/layout_inline_flow_spec.rb:1.7638475080020726
spec/layout_insets_spec.rb:0.1569209509762004
spec/lifecycle_events_spec.rb:0.17442883900366724
spec/logical_properties_spec.rb:1.6699641330051236
spec/long_poll_cross_session_spec.rb:0.06603179400553927
spec/multi_window_spec.rb:0.6719297240488231
spec/nested_context_navigation_spec.rb:0.3497955470229499
spec/root_box_and_initial_values_spec.rb:1.853825286962092
spec/same_document_navigation_spec.rb:0.17325480800354853
spec/scrollend_spec.rb:0.10984970798017457
spec/select_content_model_spec.rb:0.2578221290023066
spec/select_value_spec.rb:0.21358867204980925
spec/selectedcontent_spec.rb:0.10317212896188721
spec/send_beacon_spec.rb:0.28739307599607855
spec/shorthand_expansion_spec.rb:3.56182176299626
spec/smoke_spec.rb:2.2071504560299218
spec/style_set_property_spec.rb:0.27929424203466624
spec/stylesheet_sets_spec.rb:0.37357289099600166
spec/sw_clients_spec.rb:4.515661724028178
spec/sw_history_navigation_spec.rb:0.39562964998185635
spec/sw_navigation_reload_spec.rb:0.3391923820017837
spec/sw_update_lifecycle_spec.rb:0.42759872699389234
spec/template_content_spec.rb:0.3684399349731393
spec/trace_spec.rb:1.1607036810019054
spec/turbo_stimulus_spec.rb:0.2310528089874424
spec/unhandled_rejection_spec.rb:0.04281465505482629
spec/v8_oom_catchable_spec.rb:0.7630990950274281
spec/viewport_resize_spec.rb:0.4848959119990468
spec/websocket_spec.rb:0.08521333703538403
spec/window_realm_spec.rb:0.19859313603956252
spec/within_frame_spec.rb:0.8725597489392385
spec/worker_spec.rb:0.5939025520347059
spec/worker_transfer_spec.rb:0.11253554298309609
spec/wpt_gate/shard_1_spec.rb:57.05455339298351
spec/wpt_gate/shard_2_spec.rb:36.53920239501167
spec/wpt_gate/shard_3_spec.rb:53.348775222024415
spec/wpt_gate/shard_4_spec.rb:34.72470748599153
spec/wpt_gate/shard_5_spec.rb:47.00008160201833
spec/wpt_gate/shard_6_spec.rb:34.115989629004616
spec/wpt_gate/shard_7_spec.rb:52.37873205001233
spec/wpt_gate/shard_8_spec.rb:46.7861582619953
